---
source: tui/src/chatwidget/tests/permissions.rs
expression: popup
---
  Sandbox setup failed: Administrator permissions were refused

  This organization requires the default sandbox before Estelle can continue.
  Learn more <https://developers.openai.com/codex/windows>

› 1. Try setting up admin sandbox again
  2. Quit

  Press enter to confirm or esc to go back
