---
source: tui/src/chatwidget/tests/usage.rs
expression: "states.join(\"\\n---\\n\")"
---
  Usage limit resets
  Checking available resets

›    Loading...

  Press enter to confirm or esc to go back
---
  Usage limit resets
  2 usage limit resets available.

› 1. Full reset (Weekly + 5 hr)  Expires 09:39 on 18 Jun 2026.
  2. Full reset (Weekly + 5 hr)  Expires 08:59 on 27 Jun 2026.
  3. Cancel

  Press enter to confirm or esc to go back
---
  Usage limit resets
  No usage limit resets available.

› 1. Close

  Press enter to confirm or esc to go back
---
  Usage limit resets
  Usage limit resets did not load. Retry.

› 1. Try again
  2. Close

  Press enter to confirm or esc to go back
---
  Usage limit resets
  Resetting usage

›    Using a reset...
---
  Usage limit resets
  Usage was not reset. Retry.

› 1. Try again
  2. Close

  Press enter to confirm or esc to go back
---
  Usage limit resets
  Usage does not need a reset.

› 1. Close

  Press enter to confirm or esc to go back
---
  Usage limit resets
  No usage limit resets are available.

› 1. Close

  Press enter to confirm or esc to go back
---
  Usage limit resets
  Usage reset. Checking what remains

›    Refreshing...
---
  Usage limit resets
  Usage reset. You have 1 usage limit reset left.

› 1. Close

  Press enter to confirm or esc to go back
