---
source: tui/src/main.rs
expression: "rendered_frame(&app, started + Duration::from_secs(93))"
---
"ESTELLE  ·  uqeu/estelle                                                        "
"                                                                                "
"┌ CONVERSATION  Tab · Ctrl+←/→ focus ──────────────────────────────────────────┐"
"│you  Which repair changed charge.ts?                                          │"
"│                                                                              │"
"│                                                                              │"
"│                                                                              │"
"│                                                                              │"
"│                                                                              │"
"│                                                                              │"
"│                                                                              │"
"│                                                                              │"
"│                                                                              │"
"│                                                                              │"
"│                                                                              │"
"│                                                                              │"
"│                                                                              │"
"└──────────────────────────────────────────────────────────────────────────────┘"
"┌ ASK ESTELLE ─────────────────────────────────────────────────────────────────┐"
"│                                                                              │"
"│› Ask Estelle                                                                 │"
"│                                                                              │"
"└──────────────────────────────────────────────────────────────────────────────┘"
"still waiting for Estelle  1m 33s  |  Esc cancels  |  no response received yet  "
