---
source: tui/src/main.rs
expression: "rendered_frame(&app, Instant::now())"
---
"ESTELLE  ·  uqeu/estelle                                                        "
"                                                                                "
"┌ CONVERSATION  Tab · Ctrl+←/→ focus ──────────────────────────────────────────┐"
"│                                                                              │"
"│                                                                              │"
"│                                                                              │"
"│                                                                              │"
"│                                                                              │"
"│                                                                              │"
"│                                                                              │"
"│                                                                              │"
"┌ COMMANDS  ↑/↓ select · Tab complete · Enter run ─────────────────────────────┐"
"│> /mode       read or lower the server autonomy ceiling                       │"
"│  /model      browse your BYOK model pool                                     │"
"│  /memory     what Estelle knows about this repo                              │"
"│  /memories   what Estelle knows about this repo                              │"
"│  /me         your account: plan, balance, budget, provider, invites          │"
"│                                                                              │"
"│                                                                              │"
"│› /mo                                                                         │"
"│                                                                              │"
"│                                                                              │"
"└──────────────────────────────────────────────────────────────────────────────┘"
"shift+tab change mode  ·  / commands  |  plan  ·  routing auto                  "
