---
source: tui/src/main.rs
expression: "rendered_frame(&app, Instant::now())"
---
"ESTELLE  ·  uqeu/estelle                                                        "
"                                                                                "
"┌ CONVERSATION  Tab · Ctrl+←/→ focus ──────────────────────────────────────────┐"
"│sweep  sending complete source set · 35% · 184 files · 891 KB                 │"
"│███████████████████████████          35%                                      │"
"│                                                                              │"
"│                                                                              │"
"│                                                                              │"
"│                                                                              │"
"│                                                                              │"
"│                                                                              │"
"│                                                                              │"
"│                                                                              │"
"│                                                                              │"
"│                                                                              │"
"│                                                                              │"
"│                                                                              │"
"└──────────────────────────────────────────────────────────────────────────────┘"
"┌ ASK ESTELLE ─────────────────────────────────────────────────────────────────┐"
"│                                                                              │"
"│› Ask Estelle                                                                 │"
"│                                                                              │"
"└──────────────────────────────────────────────────────────────────────────────┘"
"shift+tab change mode  ·  / commands  |  plan  ·  routing auto                  "
