---
source: tui/src/main.rs
assertion_line: 11800
expression: "rendered_frame(&app, Instant::now())"
---
"ESTELLE  ·  uqeu/estelle                                                        "
"                                                                                "
"── session · uqeu/estelle ──────────────────────────────────────────────────────"
"   uqeu/estelle · coach/r11-cli-integration                                     "
"sweep  sending complete source set · 35% · 184 files · 891 KB                   "
"████████████████████████████          35%                                       "
"                                                                                "
"                                                                                "
"                                                                                "
"                                                                                "
"                                                                                "
"                                                                                "
"                                                                                "
"                                                                                "
"                                                                                "
"                                                                                "
"── ask · uqeu/estelle ──────────────────────────────────────────────────────────"
"❯                                                                               "
"                                                                                "
"                                                                                "
"                                                                                "
"                                                                                "
"                                                                                "
"  enter send · tab repo · ctrl+s spend · ctrl+m models · esc stop · ctrl+o selec"
