---
source: tui/src/main.rs
expression: "rendered_frame(&app, started + Duration::from_secs(93))"
---
"ESTELLE  ·  uqeu/estelle                                                        "
"                                                                                "
"╌╌ session · uqeu/estelle ╌╌╌╌╌╌╌╌╌╌╌╌╌╌╌╌╌╌╌╌╌╌╌╌╌╌╌╌╌╌╌╌╌╌╌╌╌╌╌╌╌╌╌╌╌╌╌╌╌╌╌╌╌╌"
"you                                                                             "
"                                                                                "
"                                                                                "
"› Which repair changed charge.ts?                                               "
"                                                                                "
"                                                                                "
"                                                                                "
"                                                                                "
"                                                                                "
"                                                                                "
"                                                                                "
"                                                                                "
"                                                                                "
"                                                                                "
"╌╌ ask · uqeu/estelle ╌╌╌╌╌╌╌╌╌╌╌╌╌╌╌╌╌╌╌╌╌╌╌╌╌╌╌╌╌╌╌╌╌╌╌╌╌╌╌╌╌╌╌╌╌╌╌╌╌╌╌╌╌╌╌╌╌╌"
"                                                                                "
"› Ask Estelle                                                                   "
"                                                                                "
"                                                                                "
"  ? for shortcuts                                                               "
"still waiting for Estelle  1m 33s  |  Esc cancels  |  no response received yet  "
