---
source: tui/src/main.rs
expression: "rendered_frame(&app, Instant::now())"
---
"ESTELLE  ·  uqeu/estelle                                                        "
"                                                                                "
"┌ CONVERSATION  Tab · Ctrl+←/→ focus ──────────────────────────────────────────┐"
"│                                                                              │"
"│                                                                              │"
"│                                                                              │"
"│                                                                              │"
"│                                                                              │"
"│                                                                              │"
"│                                                                              │"
"│                                                          ⡀⡀ ⢀ ⡀              │"
"│                                                ·   ·  ⠄∷ ⡲⢤⠆⡱⡤⢂⣉             │"
"│                                                        ⠍⠉⠊⠵⣶⠟⠧⠑⠚⠰            │"
"│  ·       ∷       ·       ·       ·       ·       ∷       ⠉   ⠉⠁              │"
"│                                                                              │"
"│·   ·   ·   ∷   ·   ·   ·   ·   ∷   ·   ·   ·   ·   ∷   ·   ·   ·   · · ∷   · │"
"│∷                    ∷                                                        │"
"└──────────────────────────────────────────────────────────────────────────────┘"
"┌ ASK ESTELLE ─────────────────────────────────────────────────────────────────┐"
"│                                                                              │"
"│› trace the charge path                                                       │"
"│                                                                              │"
"└──────────────────────────────────────────────────────────────────────────────┘"
"shift+tab change mode  ·  / commands  |  plan  ·  routing auto                  "
