---
source: tui/src/main.rs
expression: "rendered_frame_at_size(&app, Instant::now(), 120, 30)"
---
"ESTELLE  ·  uqeu/estelle                                                                                                "
"                                                                                                                        "
"── session · uqeu/estelle ─────────────────────────────────────────────  │  ── cited · uqeu/estelle ────────────────────"
"   uqeu/estelle · coach/r11-cli-integration                              │   1  api/charge.ts:52                        "
"you                                                                      │   2  billing/retry.ts:118                    "
"                                                                         │                                              "
"                                                                         │                                              "
"› Why is this charge retried?                                            │                                              "
"                                                                         │                                              "
"                                                                         │                                              "
"estelle  grounded                                                        │                                              "
"                                                                         │                                              "
"• The retry is bounded by the idempotency guard.                         │                                              "
"                                                                         │                                              "
"                                                                         │                                              "
"                                                                         │                                              "
"                                                                         │                                              "
"                                                                         │                                              "
"                                                                         │                                              "
"● Ready                                                                                                                 "
"                                                                                                                        "
"── ask · uqeu/estelle ──────────────────────────────────────────────────────────────────────────────────────────────────"
"〉                                                                                                                      " Hidden by multi-width symbols: [(1, " ")]
"  enter send · tab repo · ctrl+s spend · ctrl+m models · esc stop                                                       "
"                                                                                                                        "
"                                                                                                                        "
"                                                                                                                        "
"                                                                                                                        "
"                                                                                                                        "
"                                                                                                                        "
