---
source: tui/src/main.rs
expression: "rendered_frame(&app, Instant::now())"
---
"ESTELLE  ·  uqeu/estelle                                                        "
"                                                                                "
"── session · uqeu/estelle ──────────────────────────────────────────────────────"
"   uqeu/estelle · main                                                          "
"Ask about uqeu/estelle                                                          "
"                                                                                "
"/review  Read current changes                                                   "
"/sweep   Index or refresh this repo                                             "
"?        Show shortcuts                                                         "
"                                                                                "
"                                                                                "
"                                                                                "
"                                                                                "
"∷                    ∷                                                        ⠘ "
"                                                                                "
"                                                                                "
"── ask · uqeu/estelle ──────────────────────────────────────────────────────────"
"❯ trace the charge path                                                         "
"                                                                                "
"                                                                                "
"                                                                                "
"                                                                                "
"                                                                                "
"  enter send · tab repo · ctrl+s spend · ctrl+g context · esc stop · ctrl+o sele"
