---
source: tui/src/main.rs
expression: "rendered_frame(&app, Instant::now())"
---
"ESTELLE  ·  uqeu/estelle                                                        "
"                                                                                "
"── session · uqeu/estelle ──────────────────────────────────────────────────────"
"   uqeu/estelle · coach/r11-cli-integration                                     "
"Ask about uqeu/estelle                                                          "
"                                                                                "
"/review  Read current changes                                                   "
"/sweep   Index or refresh this repo                                             "
"?        Show shortcuts                                                         "
"                                                                                "
"                                                                                "
"                                                                    ⣀⣀⣀⣀⣀       "
"                                    ∷ ∷   ·   ·       · ·     ·      ⠈⠉       ∷ "
"● Ready                                                                         "
"                                                                                "
"── ask · uqeu/estelle ──────────────────────────────────────────────────────────"
"〉                                                                              " Hidden by multi-width symbols: [(1, " ")]
"  enter send · tab repo · ctrl+s spend · ctrl+m models · esc stop               "
"                                                                                "
"                                                                                "
"                                                                                "
"                                                                                "
"                                                                                "
"                                                                                "
