---
source: tui/src/main.rs
expression: "rendered_frame_at_size(&app, Instant::now(), 120, 30)"
---
"ESTELLE  ·  uqeu/estelle                                                                                                "
"                                                                                                                        "
"╌╌ session · uqeu/estelle ╌╌╌╌╌╌╌╌╌╌╌╌╌╌╌╌╌╌╌╌╌╌╌╌╌╌╌╌╌╌╌╌╌╌╌╌╌╌╌╌╌╌╌╌╌  │  ╌╌ cited · uqeu/estelle ╌╌╌╌╌╌╌╌╌╌╌╌╌╌╌╌╌╌╌╌"
"you                                                                      │   1  api/charge.ts:52                        "
"                                                                         │   2  billing/retry.ts:118                    "
"                                                                         │                                              "
"› Why is this charge retried?                                            │                                              "
"                                                                         │                                              "
"                                                                         │                                              "
"estelle  grounded                                                        │                                              "
"                                                                         │                                              "
"• The retry is bounded by the idempotency guard.                         │                                              "
"                                                                         │                                              "
"                                                                         │                                              "
"                                                                         │                                              "
"                                                                         │                                              "
"                                                                         │                                              "
"                                                                         │                                              "
"                                                                         │                                              "
"                                                                         │                                              "
"                                                                         │                                              "
"                                                                         │                                              "
"                                                                         │                                              "
"╌╌ ask · uqeu/estelle ╌╌╌╌╌╌╌╌╌╌╌╌╌╌╌╌╌╌╌╌╌╌╌╌╌╌╌╌╌╌╌╌╌╌╌╌╌╌╌╌╌╌╌╌╌╌╌╌╌╌╌╌╌╌╌╌╌╌╌╌╌╌╌╌╌╌╌╌╌╌╌╌╌╌╌╌╌╌╌╌╌╌╌╌╌╌╌╌╌╌╌╌╌╌╌╌╌╌"
"                                                                                                                        "
"› Ask Estelle                                                                                                           "
"                                                                                                                        "
"                                                                                                                        "
"  ? for shortcuts                                                                                                       "
"tab focus · shift+tab autonomy · ctrl+t tasks · alt+m context · / commands  |  plan  ·  routing auto                    "
