---
source: tui/src/keymap_setup.rs
expression: rendered
---
Keypress Inspector
Press any key to see what Codex receives. Esc is inspected; Ctrl+C closes.
If nothing changes on a keypress, the terminal is not sending that key to Codex. Only received keys
can be assigned as shortcuts.

Waiting for a keypress...
