---
source: tui/src/main.rs
expression: "rendered_frame_at_size(&app, Instant::now(), 120, 32)"
---
"ESTELLE  ·  uqeu/estelle                                                                                                "
"                                                                                                                        "
"── session · uqeu/estelle ──────────────────────────────────────────────────────────────────────────────────────────────"
"   uqeu/estelle · main                                                                                                  "
"                                                                                                                        "
"                                                                                                                        "
"                                                                                                                        "
"                 ── gate · refused ────────────────────────────────────────────────────────────────────                 "
"                                                                                                                        "
"                 ■ Gate refused  ·  verdict blocked                                                                     "
"                 Gate protected this repository. Nothing was written.                                                   "
"                                                                                                                        "
"                 │    api/charge.ts:52  invented call rotate_all_keys does not exist                                    "
"                                                                                                                        "
"                 blast radius · 2 files · 6 changed lines                                                               "
"                      api/charge.ts                          5 changed lines                                            "
"                      billing/retry.ts                       1 changed lines                                            "
"                                                                                                                        "
"                                                                                                                        "
"                                                                                                                        "
"                                                                                                                        "
"                                                                                                                        "
"                                                                                                                        "
"                                                                                                                        "
"                 Enter or Esc closes · Ask Estelle                                                                      "
"                                                                                                                        "
"                                                                                                                        "
"                                                                                                                        "
"                                                                                                                        "
"                                                                                                                        "
"                                                                                                                        "
"                                                                                                                        "
