---
source: tui/src/main.rs
expression: "rendered_frame(&app, Instant::now())"
---
"ESTELLE  ·  uqeu/estelle                                                        "
"                                                                                "
"── session · uqeu/estelle ──────────────────────────────────────────────────────"
"   uqeu/estelle · main                                                          "
"sweep  sending complete source set · 35% · 184 files · 891 KB                   "
"████████████████████████████          35%                                       "
"                                                                                "
"                                                                                "
"                                                                                "
"                                                                                "
"                                                                                "
"                                                                                "
"                                                                                "
"                                                                                "
"                                                                                "
"                                                                                "
"── ask · uqeu/estelle ──────────────────────────────────────────────────────────"
"❯                                                                               "
"                                                                                "
"                                                                                "
"                                                                                "
"                                                                                "
"                                                                                "
"  enter send · tab repo · ctrl+s spend · ctrl+g context · esc stop · ctrl+o sele"
