---
source: tui/src/main.rs
expression: "rendered_frame(&app, started + Duration::from_secs(93))"
---
"ESTELLE  ·  uqeu/estelle                                                        "
"                                                                                "
"── session · uqeu/estelle ──────────────────────────────────────────────────────"
"   uqeu/estelle · coach/r11-cli-integration                                     "
"you                                                                             "
"                                                                                "
"                                                                                "
"› Which repair changed charge.ts?                                               "
"                                                                                "
"                                                                                "
"                                                                                "
"                                                                                "
"                                                                                "
"◐ Working · thinking · 1m 33s · still waiting for Estelle · no response received"
"                                                                                "
"── ask · uqeu/estelle ──────────────────────────────────────────────────────────"
"                                                                                "
"〉                                                                              " Hidden by multi-width symbols: [(1, " ")]
"  enter send · tab repo · ctrl+s spend · ctrl+m models · esc stop               "
"                                                                                "
"                                                                                "
"                                                                                "
"                                                                                "
"                                                                                "
