---
source: tui/src/main.rs
expression: "rendered_frame_at_size(&app, Instant::now(), 120, 32)"
---
"ESTELLE  ·  uqeu/estelle                                                                                                "
"                                                                                                                        "
"┌ CONVERSATION  Tab · Ctrl+←/→ focus ──────────────────────────────────────────────────────────────────────────────────┐"
"│                                                                                                                      │"
"│                                                                                                                      │"
"│                                                                                                                      │"
"│                                                                                                                      │"
"│                ┌ gate · deterministic · no model ───────────────────────────────────────────────────┐                │"
"│                │                                    EDIT REFUSED                                    │                │"
"│                │                Gate protected this repository. Nothing was written.                │                │"
"│                │Verdict  blocked                                                                    │                │"
"│                │ blast radius · 2 files · 6 changed lines                                           │                │"
"│                │⠁                                                                                   │                │"
"│                │                                                                                    │                │"
"│                │                                                                                    │                │"
"│                │                                                                                   ⢀│                │"
"│                │                                                                                    │                │"
"│                │     5  api/charge.ts                                                               │                │"
"│                │     1  billing/retry.ts                                                            │                │"
"│                │blocked  api/charge.ts:52  invented call rotate_all_keys does not exist             │                │"
"│                │                                                                                    │                │"
"│                │                                                                                    │                │"
"│                │                                                                                    │                │"
"│                │                          Enter or Esc closes · Ask Estelle                         │                │"
"│                └────────────────────────────────────────────────────────────────────────────────────┘                │"
"│                                                                                                                      │"
"│                                                                                                                      │"
"│                                                                                                                      │"
"│                                                                                                                      │"
"│                                                                                                                      │"
"└──────────────────────────────────────────────────────────────────────────────────────────────────────────────────────┘"
"shift+tab change mode  ·  tab move focus  ·  / commands  |  plan  ·  routing auto                                       "
